// Jest Snapshot v1, https://goo.gl/fbAQLP

exports[`footer should render 1`] = `
<DocumentFragment>
  <div
    class="Footer"
  >
    Dávid Molnár © 2023
  </div>
</DocumentFragment>
`;
