// Jest Snapshot v1, https://goo.gl/fbAQLP

exports[`issue-detail should render 1`] = `
<DocumentFragment>
  <div
    class="IssueDetail"
  >
    <div
      class="IssueDetail-header"
    >
      <div
        class="IssueDetail-titleAndState"
      >
        <div
          class="IssueDetail-title"
        >
          Bug: Failed when set homepage in package.json or set PUBLIC_URL
        </div>
        <div>
          issue-state-badge
        </div>
      </div>
      <div
        class="IssueDetail-detail"
      >
        <div>
          #26126
        </div>
        <div>
          08.02.2023 09:50
        </div>
        <div>
          testAuthor1
        </div>
      </div>
    </div>
    <div
      class="IssueDetail-body"
    >
      test issue1 body
    </div>
    <div>
      issue-comment-list
    </div>
  </div>
</DocumentFragment>
`;
