// Jest Snapshot v1, https://goo.gl/fbAQLP

exports[`issue-state-badge should render 1`] = `
<DocumentFragment>
  <div
    class="IssueStateBadge IssueStateBadge--open"
  >
    open
  </div>
</DocumentFragment>
`;
