// Jest Snapshot v1, https://goo.gl/fbAQLP

exports[`about-page should render 1`] = `
<DocumentFragment>
  <div
    class="AboutPage"
  >
    <div>
      header
    </div>
    <div
      class="AboutPage-content"
    >
      <div
        class="AboutPage-description"
      >
        Simple React app to browse GitHub Issues
      </div>
      <div>
        Created by: 
        <a
          href="https://mdavid626.com"
        >
          Dávid Molnár
        </a>
      </div>
      <a
        href="https://github.com/mdavid626/mm-github-issues-browser"
      >
        Source Code
      </a>
    </div>
    <div>
      footer
    </div>
  </div>
</DocumentFragment>
`;
